../Core/Src/main.c:93:10:ReadSingleADCChannel	32	static
../Core/Src/main.c:137:6:ReadAllADCChannelsSeparately	8	static
../Core/Src/main.c:156:6:ProcessADCReadings	16	static
../Core/Src/main.c:182:6:CreateDataPacket	16	static
../Core/Src/main.c:206:6:float_to_bytes	24	static
../Core/Src/main.c:229:5:main	8	static
../Core/Src/main.c:282:6:SystemClock_Config	88	static
../Core/Src/main.c:329:13:MX_ADC1_Init	24	static
../Core/Src/main.c:391:13:MX_I2C1_Init	16	static
../Core/Src/main.c:428:13:MX_TIM1_Init	96	static
../Core/Src/main.c:507:13:MX_TIM2_Init	48	static
../Core/Src/main.c:560:13:MX_GPIO_Init	40	static
../Core/Src/main.c:604:6:Error_Handler	4	static,ignoring_inline_asm
